{
  "version": "1.5.0",
  "plugins_used": [
    {
      "name": "Base64HighEntropyString",
      "limit": 4.5
    },
    {
      "name": "BasicAuthDetector"
    },
    {
      "name": "GitLabTokenDetector"
    },
    {
      "name": "HexHighEntropyString",
      "limit": 3.0
    },
    {
      "name": "IPPublicDetector"
    },
    {
      "name": "KeywordDetector",
      "keyword_exclude": ""
    },
    {
      "name": "OpenAIDetector"
    },
    {
      "name": "PrivateKeyDetector"
    },
    {
      "name": "PypiTokenDetector"
    },
    {
      "name": "TelegramBotTokenDetector"
    }
  ],
  "filters_used": [
    {
      "path": "detect_secrets.filters.allowlist.is_line_allowlisted"
    },
    {
      "path": "detect_secrets.filters.common.is_baseline_file",
      "filename": ".secrets.baseline"
    },
    {
      "path": "detect_secrets.filters.common.is_ignored_due_to_verification_policies",
      "min_level": 2
    },
    {
      "path": "detect_secrets.filters.heuristic.is_indirect_reference"
    },
    {
      "path": "detect_secrets.filters.heuristic.is_likely_id_string"
    },
    {
      "path": "detect_secrets.filters.heuristic.is_lock_file"
    },
    {
      "path": "detect_secrets.filters.heuristic.is_not_alphanumeric_string"
    },
    {
      "path": "detect_secrets.filters.heuristic.is_potential_uuid"
    },
    {
      "path": "detect_secrets.filters.heuristic.is_prefixed_with_dollar_sign"
    },
    {
      "path": "detect_secrets.filters.heuristic.is_sequential_string"
    },
    {
      "path": "detect_secrets.filters.heuristic.is_swagger_file"
    },
    {
      "path": "detect_secrets.filters.heuristic.is_templated_secret"
    },
    {
      "path": "detect_secrets.filters.regex.should_exclude_file",
      "pattern": [
        "(frontend/package-lock\\.json|\\.env\\.example|data/.*\\.csv|ml/saved_models/.*|docs/.*\\.md|docs/archive/.*|DEPLOYMENT\\.md|dashboard/dist/.*|.*\\.ipynb|test-results\\.xml)"
      ]
    }
  ],
  "results": {
    ".claude/skills/api-design-principles/references/rest-best-practices.md": [
      {
        "type": "Hex High Entropy String",
        "filename": ".claude/skills/api-design-principles/references/rest-best-practices.md",
        "hashed_secret": "2431dcd348f1cc7e2d70c13eed1df1ee77452bfb",
        "is_verified": false,
        "line_number": 301
      }
    ],
    ".claude/skills/e2e-testing-patterns/references/details.md": [
      {
        "type": "Secret Keyword",
        "filename": ".claude/skills/e2e-testing-patterns/references/details.md",
        "hashed_secret": "9da8f6935461dc90a7150890193cd91160e65bc9",
        "is_verified": false,
        "line_number": 118
      }
    ],
    ".claude/skills/fastapi-templates/SKILL.md": [
      {
        "type": "Secret Keyword",
        "filename": ".claude/skills/fastapi-templates/SKILL.md",
        "hashed_secret": "1c58bd92003bbaa0538e249fff6ee19a270dec5f",
        "is_verified": false,
        "line_number": 128
      }
    ],
    ".claude/skills/pci-compliance/SKILL.md": [
      {
        "type": "Secret Keyword",
        "filename": ".claude/skills/pci-compliance/SKILL.md",
        "hashed_secret": "3a85d0169ee6633b28d36ddcb665ece099241911",
        "is_verified": false,
        "line_number": 142
      }
    ],
    ".claude/skills/python-anti-patterns/SKILL.md": [
      {
        "type": "Secret Keyword",
        "filename": ".claude/skills/python-anti-patterns/SKILL.md",
        "hashed_secret": "4dd0eb345270efc47af3f55998ffc216437cc631",
        "is_verified": false,
        "line_number": 66
      }
    ],
    ".claude/skills/python-testing-patterns/references/advanced-patterns.md": [
      {
        "type": "Secret Keyword",
        "filename": ".claude/skills/python-testing-patterns/references/advanced-patterns.md",
        "hashed_secret": "82aeb9f3dbb0e40d4c7d9aba9afda6b2fb6d6ae0",
        "is_verified": false,
        "line_number": 86
      }
    ],
    ".claude/skills/python-testing-patterns/references/details.md": [
      {
        "type": "Secret Keyword",
        "filename": ".claude/skills/python-testing-patterns/references/details.md",
        "hashed_secret": "3acfb2c2b433c0ea7ff107e33df91b18e52f960f",
        "is_verified": false,
        "line_number": 120
      }
    ],
    ".claude/skills/stripe-integration/SKILL.md": [
      {
        "type": "Secret Keyword",
        "filename": ".claude/skills/stripe-integration/SKILL.md",
        "hashed_secret": "d45082517bc6c093fec956bd1709b44548feb2fb",
        "is_verified": false,
        "line_number": 78
      }
    ],
    ".claude/skills/stripe-integration/references/details.md": [
      {
        "type": "Secret Keyword",
        "filename": ".claude/skills/stripe-integration/references/details.md",
        "hashed_secret": "9d1a8d8480340f9fbc3e556ab08a6a54b68ca09d",
        "is_verified": false,
        "line_number": 191
      }
    ],
    ".github/workflows/docker-compose-smoke-test.yml": [
      {
        "type": "Secret Keyword",
        "filename": ".github/workflows/docker-compose-smoke-test.yml",
        "hashed_secret": "720b27b692a379111762b6eb5c01d2b1fe2ca838",
        "is_verified": false,
        "line_number": 38
      }
    ],
    ".gitpod/automations.yaml": [
      {
        "type": "Secret Keyword",
        "filename": ".gitpod/automations.yaml",
        "hashed_secret": "4fd5a62ff4791f2334c22abfdfc868e196ca2841",
        "is_verified": false,
        "line_number": 28
      }
    ],
    "api/safe_agent_platform.py": [
      {
        "type": "Secret Keyword",
        "filename": "api/safe_agent_platform.py",
        "hashed_secret": "b003699f4969ae2f36a4dec4d101031306cf1d66",
        "is_verified": false,
        "line_number": 34
      }
    ],
    "api/superadmin/security_infra.py": [
      {
        "type": "Secret Keyword",
        "filename": "api/superadmin/security_infra.py",
        "hashed_secret": "12c56336acfddb35e3ff5d49f4856629a4875c87",
        "is_verified": false,
        "line_number": 47
      }
    ],
    "auth/router.py": [
      {
        "type": "Secret Keyword",
        "filename": "auth/router.py",
        "hashed_secret": "7cb236239f0c131ee1fd8a2ca5756eb95ee55cd0",
        "is_verified": false,
        "line_number": 115
      }
    ],
    "config/brokers.yaml": [
      {
        "type": "Secret Keyword",
        "filename": "config/brokers.yaml",
        "hashed_secret": "153a389fe3f4b988153e88b98958425a057e41f5",
        "is_verified": false,
        "line_number": 65
      },
      {
        "type": "Secret Keyword",
        "filename": "config/brokers.yaml",
        "hashed_secret": "b785084b7d9338db3bca602674a985027df8df58",
        "is_verified": false,
        "line_number": 71
      },
      {
        "type": "Secret Keyword",
        "filename": "config/brokers.yaml",
        "hashed_secret": "1c4ef5e025c1c012dbd5a2f7d913576448a6c366",
        "is_verified": false,
        "line_number": 81
      },
      {
        "type": "Secret Keyword",
        "filename": "config/brokers.yaml",
        "hashed_secret": "b446405cd19841febf63a1778e6c36e1f093e744",
        "is_verified": false,
        "line_number": 87
      },
      {
        "type": "Secret Keyword",
        "filename": "config/brokers.yaml",
        "hashed_secret": "f85e5578a8abf60db026e3cc7ffa3bb6e5106492",
        "is_verified": false,
        "line_number": 97
      },
      {
        "type": "Secret Keyword",
        "filename": "config/brokers.yaml",
        "hashed_secret": "11ce6778a08f6a5fe9b17640c9e69c4054e73b75",
        "is_verified": false,
        "line_number": 104
      },
      {
        "type": "Secret Keyword",
        "filename": "config/brokers.yaml",
        "hashed_secret": "5d633bf3573f3cde0737e660e12507ecd70d91ec",
        "is_verified": false,
        "line_number": 118
      },
      {
        "type": "Secret Keyword",
        "filename": "config/brokers.yaml",
        "hashed_secret": "145982e08ab443a5ffc0de1211de080c73f12a9b",
        "is_verified": false,
        "line_number": 128
      },
      {
        "type": "Secret Keyword",
        "filename": "config/brokers.yaml",
        "hashed_secret": "ea2397034628aa8bc1cf7cff16b726dac2b8c063",
        "is_verified": false,
        "line_number": 137
      }
    ],
    "core/startup_factories.py": [
      {
        "type": "Secret Keyword",
        "filename": "core/startup_factories.py",
        "hashed_secret": "6055a94983d9abfbb703e0bf791764eeb121d295",
        "is_verified": false,
        "line_number": 1204
      },
      {
        "type": "Secret Keyword",
        "filename": "core/startup_factories.py",
        "hashed_secret": "465c1ec43c154c4577dd471f62d66f7696863038",
        "is_verified": false,
        "line_number": 1205
      },
      {
        "type": "Secret Keyword",
        "filename": "core/startup_factories.py",
        "hashed_secret": "6ddfedf46c587ce9eec644f6996db15374555523",
        "is_verified": false,
        "line_number": 1206
      },
      {
        "type": "Secret Keyword",
        "filename": "core/startup_factories.py",
        "hashed_secret": "5adc932f6e0210bd47e081a15599cc133753f272",
        "is_verified": false,
        "line_number": 1207
      }
    ],
    "database/async_connection.py": [
      {
        "type": "Basic Auth Credentials",
        "filename": "database/async_connection.py",
        "hashed_secret": "9d4e1e23bd5b727046a9e3b4b7db57bd8d6ee684",
        "is_verified": false,
        "line_number": 44
      },
      {
        "type": "Basic Auth Credentials",
        "filename": "database/async_connection.py",
        "hashed_secret": "e344769e62790ebef48c467d61b35bb5b3bedf81",
        "is_verified": false,
        "line_number": 209
      }
    ],
    "database/backup.py": [
      {
        "type": "Basic Auth Credentials",
        "filename": "database/backup.py",
        "hashed_secret": "9d4e1e23bd5b727046a9e3b4b7db57bd8d6ee684",
        "is_verified": false,
        "line_number": 138
      }
    ],
    "docker-compose.smoke.yml": [
      {
        "type": "Secret Keyword",
        "filename": "docker-compose.smoke.yml",
        "hashed_secret": "ec9d3c8312aa5caa0178f979124b921276dcfa64",
        "is_verified": false,
        "line_number": 176
      }
    ],
    "frontend/src/pages/superadmin/SystemHealthSection.tsx": [
      {
        "type": "Secret Keyword",
        "filename": "frontend/src/pages/superadmin/SystemHealthSection.tsx",
        "hashed_secret": "5357eedd140b5a91cdcab952a6f6f99e3f0fc44d",
        "is_verified": false,
        "line_number": 162
      }
    ],
    "payments/crypto/bitcoin.py": [
      {
        "type": "Basic Auth Credentials",
        "filename": "payments/crypto/bitcoin.py",
        "hashed_secret": "9d4e1e23bd5b727046a9e3b4b7db57bd8d6ee684",
        "is_verified": false,
        "line_number": 22
      },
      {
        "type": "Basic Auth Credentials",
        "filename": "payments/crypto/bitcoin.py",
        "hashed_secret": "ee8010e7b66e5c2f1ebec9ab4d95da55922b4429",
        "is_verified": false,
        "line_number": 241
      }
    ],
    "scripts/bootstrap_dev.py": [
      {
        "type": "Secret Keyword",
        "filename": "scripts/bootstrap_dev.py",
        "hashed_secret": "41fc5b52c777c4b8e5cfe3575766b22e9e8e2f4f",
        "is_verified": false,
        "line_number": 50
      },
      {
        "type": "Secret Keyword",
        "filename": "scripts/bootstrap_dev.py",
        "hashed_secret": "153805555f2e0b979612afda75f8af3b04664e9f",
        "is_verified": false,
        "line_number": 54
      },
      {
        "type": "Secret Keyword",
        "filename": "scripts/bootstrap_dev.py",
        "hashed_secret": "c0feb9abd9d2220c9abe93bcf2e0ab161733f97e",
        "is_verified": false,
        "line_number": 58
      }
    ],
    "scripts/fix_db.py": [
      {
        "type": "Secret Keyword",
        "filename": "scripts/fix_db.py",
        "hashed_secret": "d712296f71e4923364557e95b21118aa120b299d",
        "is_verified": false,
        "line_number": 168
      },
      {
        "type": "Secret Keyword",
        "filename": "scripts/fix_db.py",
        "hashed_secret": "2010132ce9d7ecb7ffcd8583e46eb6830b5b89ee",
        "is_verified": false,
        "line_number": 174
      },
      {
        "type": "Secret Keyword",
        "filename": "scripts/fix_db.py",
        "hashed_secret": "6e915cae90d2c29f2358559dc05c3df58595f55d",
        "is_verified": false,
        "line_number": 175
      }
    ],
    "templates/docs_api.html": [
      {
        "type": "Secret Keyword",
        "filename": "templates/docs_api.html",
        "hashed_secret": "564e340cd48437d2dfe876ee154cc99dc4d0d137",
        "is_verified": false,
        "line_number": 100
      },
      {
        "type": "Secret Keyword",
        "filename": "templates/docs_api.html",
        "hashed_secret": "6052acf657148ec39725c596e25bd0612fd301a6",
        "is_verified": false,
        "line_number": 125
      }
    ],
    "tests/e2e/test_auth_billing_trading.py": [
      {
        "type": "Secret Keyword",
        "filename": "tests/e2e/test_auth_billing_trading.py",
        "hashed_secret": "01b99ae1ff527e0064c15e068ecdbcf9b1904ad6",
        "is_verified": false,
        "line_number": 30
      },
      {
        "type": "Secret Keyword",
        "filename": "tests/e2e/test_auth_billing_trading.py",
        "hashed_secret": "ab3eb0f868f05373c611a6c904ae319ff0772c0c",
        "is_verified": false,
        "line_number": 177
      },
      {
        "type": "Secret Keyword",
        "filename": "tests/e2e/test_auth_billing_trading.py",
        "hashed_secret": "9b8f53e650cf1e2cb1a021556af52c3d5280e6c0",
        "is_verified": false,
        "line_number": 266
      }
    ],
    "tests/e2e/test_websocket_e2e.py": [
      {
        "type": "Secret Keyword",
        "filename": "tests/e2e/test_websocket_e2e.py",
        "hashed_secret": "ab3eb0f868f05373c611a6c904ae319ff0772c0c",
        "is_verified": false,
        "line_number": 61
      }
    ],
    "tests/integration/test_auth_flow.py": [
      {
        "type": "Secret Keyword",
        "filename": "tests/integration/test_auth_flow.py",
        "hashed_secret": "01b99ae1ff527e0064c15e068ecdbcf9b1904ad6",
        "is_verified": false,
        "line_number": 68
      },
      {
        "type": "Secret Keyword",
        "filename": "tests/integration/test_auth_flow.py",
        "hashed_secret": "2e8b651b4e8eb92e33bc8b4ce9a668a6c7754b03",
        "is_verified": false,
        "line_number": 172
      },
      {
        "type": "Secret Keyword",
        "filename": "tests/integration/test_auth_flow.py",
        "hashed_secret": "ae7befa37c61acbd8412fef4316f9b402763607f",
        "is_verified": false,
        "line_number": 575
      },
      {
        "type": "Secret Keyword",
        "filename": "tests/integration/test_auth_flow.py",
        "hashed_secret": "7bc024f2da727c77bcf94d1983554dc0757dd648",
        "is_verified": false,
        "line_number": 601
      },
      {
        "type": "Secret Keyword",
        "filename": "tests/integration/test_auth_flow.py",
        "hashed_secret": "9b8f53e650cf1e2cb1a021556af52c3d5280e6c0",
        "is_verified": false,
        "line_number": 689
      }
    ],
    "tests/unit/bug_fixes/test_bug_fixes.py": [
      {
        "type": "Secret Keyword",
        "filename": "tests/unit/bug_fixes/test_bug_fixes.py",
        "hashed_secret": "01b99ae1ff527e0064c15e068ecdbcf9b1904ad6",
        "is_verified": false,
        "line_number": 340
      },
      {
        "type": "Secret Keyword",
        "filename": "tests/unit/bug_fixes/test_bug_fixes.py",
        "hashed_secret": "c1d117818a97e847bdf286aa02d9dc8e8f7148f5",
        "is_verified": false,
        "line_number": 376
      },
      {
        "type": "Secret Keyword",
        "filename": "tests/unit/bug_fixes/test_bug_fixes.py",
        "hashed_secret": "0ca712791174665f45962a225620d2be61270a93",
        "is_verified": false,
        "line_number": 391
      }
    ],
    "tests/unit/test_billing_payments_idempotency.py": [
      {
        "type": "Secret Keyword",
        "filename": "tests/unit/test_billing_payments_idempotency.py",
        "hashed_secret": "3f3654d03eb0459f8d06418bef36635fb1629c76",
        "is_verified": false,
        "line_number": 55
      },
      {
        "type": "Secret Keyword",
        "filename": "tests/unit/test_billing_payments_idempotency.py",
        "hashed_secret": "709c95842d990cb98382a3f0e3e840e0f6f418c4",
        "is_verified": false,
        "line_number": 103
      }
    ],
    "tests/unit/test_bug_fixes.py": [
      {
        "type": "Secret Keyword",
        "filename": "tests/unit/test_bug_fixes.py",
        "hashed_secret": "01b99ae1ff527e0064c15e068ecdbcf9b1904ad6",
        "is_verified": false,
        "line_number": 346
      },
      {
        "type": "Secret Keyword",
        "filename": "tests/unit/test_bug_fixes.py",
        "hashed_secret": "c1d117818a97e847bdf286aa02d9dc8e8f7148f5",
        "is_verified": false,
        "line_number": 388
      },
      {
        "type": "Secret Keyword",
        "filename": "tests/unit/test_bug_fixes.py",
        "hashed_secret": "0ca712791174665f45962a225620d2be61270a93",
        "is_verified": false,
        "line_number": 403
      }
    ],
    "tests/unit/test_data_layer.py": [
      {
        "type": "Basic Auth Credentials",
        "filename": "tests/unit/test_data_layer.py",
        "hashed_secret": "e5e9fa1ba31ecd1ae84f75caaa474f3a663f05f4",
        "is_verified": false,
        "line_number": 787
      }
    ],
    "tests/unit/test_database_models.py": [
      {
        "type": "Secret Keyword",
        "filename": "tests/unit/test_database_models.py",
        "hashed_secret": "6318553899daae2941718c02508aeee938af1a1c",
        "is_verified": false,
        "line_number": 178
      }
    ],
    "tests/unit/test_password_reset_flow.py": [
      {
        "type": "Secret Keyword",
        "filename": "tests/unit/test_password_reset_flow.py",
        "hashed_secret": "781bcba466b36bd82f12690f527fe2b71a51e442",
        "is_verified": false,
        "line_number": 31
      },
      {
        "type": "Base64 High Entropy String",
        "filename": "tests/unit/test_password_reset_flow.py",
        "hashed_secret": "a572a49d4a9640536935a82f3c13834dd2e39bc9",
        "is_verified": false,
        "line_number": 185
      },
      {
        "type": "Secret Keyword",
        "filename": "tests/unit/test_password_reset_flow.py",
        "hashed_secret": "05cc52d1635cf1fad3561b9f8aa1cfde65755cf2",
        "is_verified": false,
        "line_number": 303
      }
    ],
    "tests/unit/test_redis_tls.py": [
      {
        "type": "Basic Auth Credentials",
        "filename": "tests/unit/test_redis_tls.py",
        "hashed_secret": "9d4e1e23bd5b727046a9e3b4b7db57bd8d6ee684",
        "is_verified": false,
        "line_number": 56
      },
      {
        "type": "Basic Auth Credentials",
        "filename": "tests/unit/test_redis_tls.py",
        "hashed_secret": "f5592f2e12a03812f94594899ae143bd47b01671",
        "is_verified": false,
        "line_number": 157
      }
    ],
    "tests/unit/test_secrets_management.py": [
      {
        "type": "Base64 High Entropy String",
        "filename": "tests/unit/test_secrets_management.py",
        "hashed_secret": "f7b27a61d4cb6dc83431af6e81f128dcac4a95a0",
        "is_verified": false,
        "line_number": 146
      }
    ],
    "tutorials/generated/registry.json": [
      {
        "type": "Hex High Entropy String",
        "filename": "tutorials/generated/registry.json",
        "hashed_secret": "fa38103755d3dfe869fe757efd2a1892264fecf0",
        "is_verified": false,
        "line_number": 3
      },
      {
        "type": "Hex High Entropy String",
        "filename": "tutorials/generated/registry.json",
        "hashed_secret": "021744dded106eed6f30e7d72de405a8358145de",
        "is_verified": false,
        "line_number": 16
      },
      {
        "type": "Hex High Entropy String",
        "filename": "tutorials/generated/registry.json",
        "hashed_secret": "3e368f4f135683f82b060fb752526ccb00c9151a",
        "is_verified": false,
        "line_number": 55
      },
      {
        "type": "Hex High Entropy String",
        "filename": "tutorials/generated/registry.json",
        "hashed_secret": "1e2d399903620b0d53839b0d151d81d296ec6aa5",
        "is_verified": false,
        "line_number": 68
      },
      {
        "type": "Hex High Entropy String",
        "filename": "tutorials/generated/registry.json",
        "hashed_secret": "37966a20cc77f2af0bab06e04ad5a88ed233fc12",
        "is_verified": false,
        "line_number": 81
      },
      {
        "type": "Hex High Entropy String",
        "filename": "tutorials/generated/registry.json",
        "hashed_secret": "02503ef4cb0e142db029881ca2680050b513b0f3",
        "is_verified": false,
        "line_number": 94
      },
      {
        "type": "Hex High Entropy String",
        "filename": "tutorials/generated/registry.json",
        "hashed_secret": "e6c08cb3b3be8557dca7c30ef0b093d9adeffe95",
        "is_verified": false,
        "line_number": 107
      },
      {
        "type": "Hex High Entropy String",
        "filename": "tutorials/generated/registry.json",
        "hashed_secret": "4a55138589cee7d0ed901d66e700a6051c307b57",
        "is_verified": false,
        "line_number": 120
      },
      {
        "type": "Hex High Entropy String",
        "filename": "tutorials/generated/registry.json",
        "hashed_secret": "2834923160573f9374a39b2cda3bed09afc54ef8",
        "is_verified": false,
        "line_number": 133
      },
      {
        "type": "Hex High Entropy String",
        "filename": "tutorials/generated/registry.json",
        "hashed_secret": "6c37634f9f7563e657b297176e3e73d9b228dbe4",
        "is_verified": false,
        "line_number": 159
      },
      {
        "type": "Hex High Entropy String",
        "filename": "tutorials/generated/registry.json",
        "hashed_secret": "2b2151dc44d35ed0cea7798823561afb8799618e",
        "is_verified": false,
        "line_number": 172
      }
    ]
  },
  "generated_at": "2026-09-05T21:09:59Z"
}
