{
  "version": "1.5.0",
  "plugins_used": [
    {
      "name": "Base64HighEntropyString",
      "limit": 4.5
    },
    {
      "name": "BasicAuthDetector"
    },
    {
      "name": "GitLabTokenDetector"
    },
    {
      "name": "HexHighEntropyString",
      "limit": 3.0
    },
    {
      "name": "IPPublicDetector"
    },
    {
      "name": "KeywordDetector",
      "keyword_exclude": ""
    },
    {
      "name": "OpenAIDetector"
    },
    {
      "name": "PrivateKeyDetector"
    },
    {
      "name": "PypiTokenDetector"
    },
    {
      "name": "TelegramBotTokenDetector"
    }
  ],
  "filters_used": [
    {
      "path": "detect_secrets.filters.allowlist.is_line_allowlisted"
    },
    {
      "path": "detect_secrets.filters.common.is_baseline_file",
      "filename": ".secrets.baseline"
    },
    {
      "path": "detect_secrets.filters.common.is_ignored_due_to_verification_policies",
      "min_level": 2
    },
    {
      "path": "detect_secrets.filters.heuristic.is_indirect_reference"
    },
    {
      "path": "detect_secrets.filters.heuristic.is_likely_id_string"
    },
    {
      "path": "detect_secrets.filters.heuristic.is_lock_file"
    },
    {
      "path": "detect_secrets.filters.heuristic.is_not_alphanumeric_string"
    },
    {
      "path": "detect_secrets.filters.heuristic.is_potential_uuid"
    },
    {
      "path": "detect_secrets.filters.heuristic.is_prefixed_with_dollar_sign"
    },
    {
      "path": "detect_secrets.filters.heuristic.is_sequential_string"
    },
    {
      "path": "detect_secrets.filters.heuristic.is_swagger_file"
    },
    {
      "path": "detect_secrets.filters.heuristic.is_templated_secret"
    },
    {
      "path": "detect_secrets.filters.regex.should_exclude_file",
      "pattern": [
        "(frontend/package-lock\\.json|\\.env\\.example|data/.*\\.csv|ml/saved_models/.*)"
      ]
    }
  ],
  "results": {
    ".github/workflows/ci.yml": [
      {
        "type": "Secret Keyword",
        "filename": ".github/workflows/ci.yml",
        "hashed_secret": "afc848c316af1a89d49826c5ae9d00ed769415f3",
        "is_verified": false,
        "line_number": 136
      },
      {
        "type": "Basic Auth Credentials",
        "filename": ".github/workflows/ci.yml",
        "hashed_secret": "afc848c316af1a89d49826c5ae9d00ed769415f3",
        "is_verified": false,
        "line_number": 190
      },
      {
        "type": "Secret Keyword",
        "filename": ".github/workflows/ci.yml",
        "hashed_secret": "1e9a06efdc23d0c6e6e9d52f86adf0a4e31a9143",
        "is_verified": false,
        "line_number": 194
      },
      {
        "type": "Secret Keyword",
        "filename": ".github/workflows/ci.yml",
        "hashed_secret": "f6bbbd7be83db7eae2296e919e5aca44ef957172",
        "is_verified": false,
        "line_number": 196
      }
    ],
    ".github/workflows/tests.yml": [
      {
        "type": "Secret Keyword",
        "filename": ".github/workflows/tests.yml",
        "hashed_secret": "f6bbbd7be83db7eae2296e919e5aca44ef957172",
        "is_verified": false,
        "line_number": 71
      },
      {
        "type": "Secret Keyword",
        "filename": ".github/workflows/tests.yml",
        "hashed_secret": "1e9a06efdc23d0c6e6e9d52f86adf0a4e31a9143",
        "is_verified": false,
        "line_number": 94
      }
    ],
    "DEPLOYMENT.md": [
      {
        "type": "Secret Keyword",
        "filename": "DEPLOYMENT.md",
        "hashed_secret": "c35bdb821a941808a150db95d0f934f449bbff17",
        "is_verified": false,
        "line_number": 134
      }
    ],
    "alembic.ini": [
      {
        "type": "Basic Auth Credentials",
        "filename": "alembic.ini",
        "hashed_secret": "9d4e1e23bd5b727046a9e3b4b7db57bd8d6ee684",
        "is_verified": false,
        "line_number": 90
      }
    ],
    "alembic/versions/1b0666c43575_initial_schema.py": [
      {
        "type": "Hex High Entropy String",
        "filename": "alembic/versions/1b0666c43575_initial_schema.py",
        "hashed_secret": "1d558202e0fad9713502c00ab33fb3d7eb987948",
        "is_verified": false,
        "line_number": 21
      }
    ],
    "alembic/versions/746b2609eac5_remove_duplicate_users_email_index.py": [
      {
        "type": "Hex High Entropy String",
        "filename": "alembic/versions/746b2609eac5_remove_duplicate_users_email_index.py",
        "hashed_secret": "323c369dcb0bc3a4db1f27d7852c9579e51c5a6e",
        "is_verified": false,
        "line_number": 21
      },
      {
        "type": "Hex High Entropy String",
        "filename": "alembic/versions/746b2609eac5_remove_duplicate_users_email_index.py",
        "hashed_secret": "1d558202e0fad9713502c00ab33fb3d7eb987948",
        "is_verified": false,
        "line_number": 22
      }
    ],
    "alembic/versions/a1b2c3d4e5f6_add_position_columns.py": [
      {
        "type": "Hex High Entropy String",
        "filename": "alembic/versions/a1b2c3d4e5f6_add_position_columns.py",
        "hashed_secret": "ef678205593788329ff416ce5c65fa04f33a05bd",
        "is_verified": false,
        "line_number": 16
      },
      {
        "type": "Hex High Entropy String",
        "filename": "alembic/versions/a1b2c3d4e5f6_add_position_columns.py",
        "hashed_secret": "323c369dcb0bc3a4db1f27d7852c9579e51c5a6e",
        "is_verified": false,
        "line_number": 17
      }
    ],
    "alembic/versions/b2c3d4e5f6a7_idempotency_and_new_tables.py": [
      {
        "type": "Hex High Entropy String",
        "filename": "alembic/versions/b2c3d4e5f6a7_idempotency_and_new_tables.py",
        "hashed_secret": "7277847a690bab70c1fbc5ab8eddbbcecdad996c",
        "is_verified": false,
        "line_number": 35
      },
      {
        "type": "Hex High Entropy String",
        "filename": "alembic/versions/b2c3d4e5f6a7_idempotency_and_new_tables.py",
        "hashed_secret": "2d40811ded1703d949aca3c40d77175a5c568c05",
        "is_verified": false,
        "line_number": 36
      }
    ],
    "alembic/versions/d9ffd7d4576b_sync_models.py": [
      {
        "type": "Hex High Entropy String",
        "filename": "alembic/versions/d9ffd7d4576b_sync_models.py",
        "hashed_secret": "ef678205593788329ff416ce5c65fa04f33a05bd",
        "is_verified": false,
        "line_number": 19
      }
    ],
    "alembic/versions/e1f2a3b4c5d6_add_email_suppressions.py": [
      {
        "type": "Hex High Entropy String",
        "filename": "alembic/versions/e1f2a3b4c5d6_add_email_suppressions.py",
        "hashed_secret": "9b094435d625c9385a1bb083604f87fa7c225da0",
        "is_verified": false,
        "line_number": 22
      }
    ],
    "alembic/versions/f1a2b3c4d5e6_add_watchlists_table.py": [
      {
        "type": "Hex High Entropy String",
        "filename": "alembic/versions/f1a2b3c4d5e6_add_watchlists_table.py",
        "hashed_secret": "2d40811ded1703d949aca3c40d77175a5c568c05",
        "is_verified": false,
        "line_number": 30
      },
      {
        "type": "Hex High Entropy String",
        "filename": "alembic/versions/f1a2b3c4d5e6_add_watchlists_table.py",
        "hashed_secret": "9b094435d625c9385a1bb083604f87fa7c225da0",
        "is_verified": false,
        "line_number": 31
      }
    ],
    "api/status.py": [
      {
        "type": "Secret Keyword",
        "filename": "api/status.py",
        "hashed_secret": "e9f6a77e66702a8113c63e119f9adbbb7a87f605",
        "is_verified": false,
        "line_number": 47
      }
    ],
    "api/two_factor.py": [
      {
        "type": "Secret Keyword",
        "filename": "api/two_factor.py",
        "hashed_secret": "0d4e32e65eed117162ac0d8cedec424f2398e7a6",
        "is_verified": false,
        "line_number": 50
      }
    ],
    "brokers/mt5.py": [
      {
        "type": "Secret Keyword",
        "filename": "brokers/mt5.py",
        "hashed_secret": "564e340cd48437d2dfe876ee154cc99dc4d0d137",
        "is_verified": false,
        "line_number": 62
      },
      {
        "type": "Secret Keyword",
        "filename": "brokers/mt5.py",
        "hashed_secret": "7310535d00a9464bb227dd19a3b7f62a7af8a3b2",
        "is_verified": false,
        "line_number": 69
      },
      {
        "type": "Secret Keyword",
        "filename": "brokers/mt5.py",
        "hashed_secret": "b9000a4a212537e976c13bbe9167adb875d9f541",
        "is_verified": false,
        "line_number": 76
      }
    ],
    "brokers/prop_firms/myforexfunds.py": [
      {
        "type": "Secret Keyword",
        "filename": "brokers/prop_firms/myforexfunds.py",
        "hashed_secret": "564e340cd48437d2dfe876ee154cc99dc4d0d137",
        "is_verified": false,
        "line_number": 35
      }
    ],
    "brokers/prop_firms/the5ers.py": [
      {
        "type": "Secret Keyword",
        "filename": "brokers/prop_firms/the5ers.py",
        "hashed_secret": "564e340cd48437d2dfe876ee154cc99dc4d0d137",
        "is_verified": false,
        "line_number": 35
      }
    ],
    "config/brokers.yaml": [
      {
        "type": "Secret Keyword",
        "filename": "config/brokers.yaml",
        "hashed_secret": "4ff48f90c33c2cb4d84508b7d09445b718e63505",
        "is_verified": false,
        "line_number": 19
      },
      {
        "type": "Secret Keyword",
        "filename": "config/brokers.yaml",
        "hashed_secret": "85908e36be1201970728275718abdcbe7df40af3",
        "is_verified": false,
        "line_number": 29
      },
      {
        "type": "Secret Keyword",
        "filename": "config/brokers.yaml",
        "hashed_secret": "9d22543adef8e9f92fb1930c7d124fcfc6b02f71",
        "is_verified": false,
        "line_number": 52
      }
    ],
    "config/data_feed.yaml": [
      {
        "type": "Secret Keyword",
        "filename": "config/data_feed.yaml",
        "hashed_secret": "0d124868fa45b6f05577454a818dd223d82db47b",
        "is_verified": false,
        "line_number": 37
      },
      {
        "type": "Secret Keyword",
        "filename": "config/data_feed.yaml",
        "hashed_secret": "d876a57c190348d0f5c63a77e565fc773033b8c8",
        "is_verified": false,
        "line_number": 48
      }
    ],
    "config/startup_validator.py": [
      {
        "type": "Basic Auth Credentials",
        "filename": "config/startup_validator.py",
        "hashed_secret": "9d4e1e23bd5b727046a9e3b4b7db57bd8d6ee684",
        "is_verified": false,
        "line_number": 94
      }
    ],
    "core/env_validator.py": [
      {
        "type": "Secret Keyword",
        "filename": "core/env_validator.py",
        "hashed_secret": "0c24412f9c1c1f3c18fd5a986addc61a024ab0bc",
        "is_verified": false,
        "line_number": 197
      },
      {
        "type": "Secret Keyword",
        "filename": "core/env_validator.py",
        "hashed_secret": "b9ec80a58044e61038c195ff337ca4b1851675ef",
        "is_verified": false,
        "line_number": 200
      },
      {
        "type": "Secret Keyword",
        "filename": "core/env_validator.py",
        "hashed_secret": "5b8ed0933c1e61d93f16674c03c62844400c8c84",
        "is_verified": false,
        "line_number": 201
      }
    ],
    "core/secrets_manager.py": [
      {
        "type": "Secret Keyword",
        "filename": "core/secrets_manager.py",
        "hashed_secret": "86c89694a660ef3c39164f6d7054a07a962892c5",
        "is_verified": false,
        "line_number": 92
      },
      {
        "type": "Secret Keyword",
        "filename": "core/secrets_manager.py",
        "hashed_secret": "2cfca21270deaf784d520e28cb126eff5c988e12",
        "is_verified": false,
        "line_number": 94
      },
      {
        "type": "Secret Keyword",
        "filename": "core/secrets_manager.py",
        "hashed_secret": "b8f705ccf0917acd77c28b883f12166f092e7b86",
        "is_verified": false,
        "line_number": 95
      },
      {
        "type": "Secret Keyword",
        "filename": "core/secrets_manager.py",
        "hashed_secret": "d34d92e73eae45cbb11c6ee68981360ca6352e7c",
        "is_verified": false,
        "line_number": 96
      },
      {
        "type": "Secret Keyword",
        "filename": "core/secrets_manager.py",
        "hashed_secret": "d0930f351951c6dd23c069f046e70711269fbb48",
        "is_verified": false,
        "line_number": 97
      },
      {
        "type": "Secret Keyword",
        "filename": "core/secrets_manager.py",
        "hashed_secret": "56fbe3b45819908c636d8c6990b508a8b2cfa385",
        "is_verified": false,
        "line_number": 99
      },
      {
        "type": "Secret Keyword",
        "filename": "core/secrets_manager.py",
        "hashed_secret": "b147aa52e80dd569e249374a06a6792e281e15eb",
        "is_verified": false,
        "line_number": 101
      },
      {
        "type": "Secret Keyword",
        "filename": "core/secrets_manager.py",
        "hashed_secret": "d04b4dc582a7ead7f252b217ffc122050706ed22",
        "is_verified": false,
        "line_number": 102
      },
      {
        "type": "Secret Keyword",
        "filename": "core/secrets_manager.py",
        "hashed_secret": "02ecb94373bfb3dfe827ca18409f50b016e8302a",
        "is_verified": false,
        "line_number": 104
      }
    ],
    "dashboard/dist/sw.js": [
      {
        "type": "Hex High Entropy String",
        "filename": "dashboard/dist/sw.js",
        "hashed_secret": "34b456de4e36a65519b4731327f8b1eb2fbddf68",
        "is_verified": false,
        "line_number": 1
      },
      {
        "type": "Hex High Entropy String",
        "filename": "dashboard/dist/sw.js",
        "hashed_secret": "4f4d767f7c6ba0d96849823bea392349161f2556",
        "is_verified": false,
        "line_number": 1
      },
      {
        "type": "Hex High Entropy String",
        "filename": "dashboard/dist/sw.js",
        "hashed_secret": "a58e186d0ff995d163dc229f37b393649c515c48",
        "is_verified": false,
        "line_number": 1
      },
      {
        "type": "Hex High Entropy String",
        "filename": "dashboard/dist/sw.js",
        "hashed_secret": "a63e075c25baf0a4d52641b08ac7b5410c3376bb",
        "is_verified": false,
        "line_number": 1
      },
      {
        "type": "Hex High Entropy String",
        "filename": "dashboard/dist/sw.js",
        "hashed_secret": "fa9f8a110793333d4bb480a1ad106697e1bac50f",
        "is_verified": false,
        "line_number": 1
      }
    ],
    "data_layer/feeds/gold/commodity_api.py": [
      {
        "type": "Secret Keyword",
        "filename": "data_layer/feeds/gold/commodity_api.py",
        "hashed_secret": "53408b84f56d7832feb4070cd62df6fdbe522f33",
        "is_verified": false,
        "line_number": 32
      }
    ],
    "data_layer/feeds/gold/goldapi.py": [
      {
        "type": "Secret Keyword",
        "filename": "data_layer/feeds/gold/goldapi.py",
        "hashed_secret": "69fd12f6ff9762b72c0e63e3f140595746f9dbf0",
        "is_verified": false,
        "line_number": 48
      }
    ],
    "data_layer/feeds/gold/metalpriceapi.py": [
      {
        "type": "Secret Keyword",
        "filename": "data_layer/feeds/gold/metalpriceapi.py",
        "hashed_secret": "5a34adbdd18a7fa7b85be602d8b3f90a4480161c",
        "is_verified": false,
        "line_number": 32
      }
    ],
    "data_layer/feeds/gold/metals_api.py": [
      {
        "type": "Secret Keyword",
        "filename": "data_layer/feeds/gold/metals_api.py",
        "hashed_secret": "301c90e55dfaef170fee09277326e35af2d74a98",
        "is_verified": false,
        "line_number": 34
      }
    ],
    "data_layer/feeds/gold/metals_dev.py": [
      {
        "type": "Secret Keyword",
        "filename": "data_layer/feeds/gold/metals_dev.py",
        "hashed_secret": "4223ed5d48f967d4469c308597121fb96e1ca2dd",
        "is_verified": false,
        "line_number": 38
      }
    ],
    "data_layer/feeds/news/alpha_vantage.py": [
      {
        "type": "Secret Keyword",
        "filename": "data_layer/feeds/news/alpha_vantage.py",
        "hashed_secret": "03b4b04003aae37c5d52663127b64b0342286f44",
        "is_verified": false,
        "line_number": 39
      }
    ],
    "data_layer/feeds/news/finnhub.py": [
      {
        "type": "Secret Keyword",
        "filename": "data_layer/feeds/news/finnhub.py",
        "hashed_secret": "d29b2fdf161a301b95b67dc56de9bfbef89445e6",
        "is_verified": false,
        "line_number": 39
      }
    ],
    "data_layer/feeds/news/fmp.py": [
      {
        "type": "Secret Keyword",
        "filename": "data_layer/feeds/news/fmp.py",
        "hashed_secret": "bf6c2b0577e41ead978abb07910cc3b4d2813ed6",
        "is_verified": false,
        "line_number": 39
      }
    ],
    "data_layer/feeds/news/newsapi.py": [
      {
        "type": "Secret Keyword",
        "filename": "data_layer/feeds/news/newsapi.py",
        "hashed_secret": "381b1bf6dfe16e2d5dd252b2572562bc1584692c",
        "is_verified": false,
        "line_number": 46
      }
    ],
    "data_layer/feeds/news/newsdata.py": [
      {
        "type": "Secret Keyword",
        "filename": "data_layer/feeds/news/newsdata.py",
        "hashed_secret": "71740d523463df7d9b8800700e0e8d794f09ca53",
        "is_verified": false,
        "line_number": 37
      }
    ],
    "data_layer/tests/validate_connections.py": [
      {
        "type": "Secret Keyword",
        "filename": "data_layer/tests/validate_connections.py",
        "hashed_secret": "3fe8f1bd91e7ead50acb94afea1109daad0ebd92",
        "is_verified": false,
        "line_number": 295
      },
      {
        "type": "Secret Keyword",
        "filename": "data_layer/tests/validate_connections.py",
        "hashed_secret": "0b384d082961db8a7992feea9df851cc64033006",
        "is_verified": false,
        "line_number": 296
      },
      {
        "type": "Secret Keyword",
        "filename": "data_layer/tests/validate_connections.py",
        "hashed_secret": "6106babca8e7fccf7549e6d7eeb97e2a570113ae",
        "is_verified": false,
        "line_number": 297
      },
      {
        "type": "Secret Keyword",
        "filename": "data_layer/tests/validate_connections.py",
        "hashed_secret": "7ba8c1f1c79670d91c5ac23c32cb364e2a665292",
        "is_verified": false,
        "line_number": 321
      },
      {
        "type": "Secret Keyword",
        "filename": "data_layer/tests/validate_connections.py",
        "hashed_secret": "7be74f50c521ed03230e023008d26f3a1b1d6f44",
        "is_verified": false,
        "line_number": 322
      }
    ],
    "data_layer/tick_store.py": [
      {
        "type": "Basic Auth Credentials",
        "filename": "data_layer/tick_store.py",
        "hashed_secret": "9d4e1e23bd5b727046a9e3b4b7db57bd8d6ee684",
        "is_verified": false,
        "line_number": 23
      }
    ],
    "database/connection.py": [
      {
        "type": "Basic Auth Credentials",
        "filename": "database/connection.py",
        "hashed_secret": "9d4e1e23bd5b727046a9e3b4b7db57bd8d6ee684",
        "is_verified": false,
        "line_number": 412
      }
    ],
    "database_init.py": [
      {
        "type": "Basic Auth Credentials",
        "filename": "database_init.py",
        "hashed_secret": "9d4e1e23bd5b727046a9e3b4b7db57bd8d6ee684",
        "is_verified": false,
        "line_number": 48
      }
    ],
    "deploy.sh": [
      {
        "type": "Secret Keyword",
        "filename": "deploy.sh",
        "hashed_secret": "5ffe533b830f08a0326348a9160afafc8ada44db",
        "is_verified": false,
        "line_number": 50
      }
    ],
    "deployment/k8s_config.yaml": [
      {
        "type": "Secret Keyword",
        "filename": "deployment/k8s_config.yaml",
        "hashed_secret": "bd61e2448b247d3342e38b1b9a099c66d1e85d5a",
        "is_verified": false,
        "line_number": 89
      }
    ],
    "docs/API.md": [
      {
        "type": "Secret Keyword",
        "filename": "docs/API.md",
        "hashed_secret": "8c2e82f6f61db7f03a0418b0b2e30b893376e084",
        "is_verified": false,
        "line_number": 23
      }
    ],
    "docs/API_GUIDE.md": [
      {
        "type": "Secret Keyword",
        "filename": "docs/API_GUIDE.md",
        "hashed_secret": "89a6cfe2a229151e8055abee107d45ed087bbb4f",
        "is_verified": false,
        "line_number": 461
      }
    ],
    "docs/API_REFERENCE.md": [
      {
        "type": "Secret Keyword",
        "filename": "docs/API_REFERENCE.md",
        "hashed_secret": "564e340cd48437d2dfe876ee154cc99dc4d0d137",
        "is_verified": false,
        "line_number": 58
      }
    ],
    "docs/BACKTESTING_GUIDE.md": [
      {
        "type": "Secret Keyword",
        "filename": "docs/BACKTESTING_GUIDE.md",
        "hashed_secret": "564e340cd48437d2dfe876ee154cc99dc4d0d137",
        "is_verified": false,
        "line_number": 36
      }
    ],
    "docs/COMPREHENSIVE_FIXES.md": [
      {
        "type": "Secret Keyword",
        "filename": "docs/COMPREHENSIVE_FIXES.md",
        "hashed_secret": "bfc5221616fd29387d7413aeb41401391dceefa8",
        "is_verified": false,
        "line_number": 78
      }
    ],
    "docs/DEBUGGING.md": [
      {
        "type": "Secret Keyword",
        "filename": "docs/DEBUGGING.md",
        "hashed_secret": "8c2e82f6f61db7f03a0418b0b2e30b893376e084",
        "is_verified": false,
        "line_number": 743
      }
    ],
    "docs/DEPLOYMENT.md": [
      {
        "type": "Secret Keyword",
        "filename": "docs/DEPLOYMENT.md",
        "hashed_secret": "c35bdb821a941808a150db95d0f934f449bbff17",
        "is_verified": false,
        "line_number": 149
      },
      {
        "type": "Basic Auth Credentials",
        "filename": "docs/DEPLOYMENT.md",
        "hashed_secret": "5baa61e4c9b93f3f0682250b6cf8331b7ee68fd8",
        "is_verified": false,
        "line_number": 626
      }
    ],
    "docs/FAQ.md": [
      {
        "type": "Basic Auth Credentials",
        "filename": "docs/FAQ.md",
        "hashed_secret": "9d4e1e23bd5b727046a9e3b4b7db57bd8d6ee684",
        "is_verified": false,
        "line_number": 568
      }
    ],
    "docs/INSTALLATION.md": [
      {
        "type": "Secret Keyword",
        "filename": "docs/INSTALLATION.md",
        "hashed_secret": "564e340cd48437d2dfe876ee154cc99dc4d0d137",
        "is_verified": false,
        "line_number": 222
      },
      {
        "type": "Basic Auth Credentials",
        "filename": "docs/INSTALLATION.md",
        "hashed_secret": "564e340cd48437d2dfe876ee154cc99dc4d0d137",
        "is_verified": false,
        "line_number": 225
      },
      {
        "type": "Secret Keyword",
        "filename": "docs/INSTALLATION.md",
        "hashed_secret": "8c2e82f6f61db7f03a0418b0b2e30b893376e084",
        "is_verified": false,
        "line_number": 335
      }
    ],
    "docs/QUICKSTART.md": [
      {
        "type": "Secret Keyword",
        "filename": "docs/QUICKSTART.md",
        "hashed_secret": "564e340cd48437d2dfe876ee154cc99dc4d0d137",
        "is_verified": false,
        "line_number": 162
      }
    ],
    "docs/SECURITY.md": [
      {
        "type": "Secret Keyword",
        "filename": "docs/SECURITY.md",
        "hashed_secret": "564e340cd48437d2dfe876ee154cc99dc4d0d137",
        "is_verified": false,
        "line_number": 83
      },
      {
        "type": "Secret Keyword",
        "filename": "docs/SECURITY.md",
        "hashed_secret": "9d4e1e23bd5b727046a9e3b4b7db57bd8d6ee684",
        "is_verified": false,
        "line_number": 329
      }
    ],
    "docs/SETUP_GUIDE.md": [
      {
        "type": "Basic Auth Credentials",
        "filename": "docs/SETUP_GUIDE.md",
        "hashed_secret": "564e340cd48437d2dfe876ee154cc99dc4d0d137",
        "is_verified": false,
        "line_number": 265
      }
    ],
    "docs/TROUBLESHOOTING.md": [
      {
        "type": "Basic Auth Credentials",
        "filename": "docs/TROUBLESHOOTING.md",
        "hashed_secret": "9d4e1e23bd5b727046a9e3b4b7db57bd8d6ee684",
        "is_verified": false,
        "line_number": 57
      },
      {
        "type": "Hex High Entropy String",
        "filename": "docs/TROUBLESHOOTING.md",
        "hashed_secret": "2d40811ded1703d949aca3c40d77175a5c568c05",
        "is_verified": false,
        "line_number": 60
      },
      {
        "type": "Basic Auth Credentials",
        "filename": "docs/TROUBLESHOOTING.md",
        "hashed_secret": "5baa61e4c9b93f3f0682250b6cf8331b7ee68fd8",
        "is_verified": false,
        "line_number": 180
      },
      {
        "type": "Secret Keyword",
        "filename": "docs/TROUBLESHOOTING.md",
        "hashed_secret": "564e340cd48437d2dfe876ee154cc99dc4d0d137",
        "is_verified": false,
        "line_number": 234
      }
    ],
    "docs/VIDEO_TUTORIALS.md": [
      {
        "type": "Secret Keyword",
        "filename": "docs/VIDEO_TUTORIALS.md",
        "hashed_secret": "09504e88f9f40617eed2718ce89be1842cbac07f",
        "is_verified": false,
        "line_number": 1179
      }
    ],
    "docs/archive/BROKER_CONNECTIVITY_COMPLETE.md": [
      {
        "type": "Secret Keyword",
        "filename": "docs/archive/BROKER_CONNECTIVITY_COMPLETE.md",
        "hashed_secret": "564e340cd48437d2dfe876ee154cc99dc4d0d137",
        "is_verified": false,
        "line_number": 47
      },
      {
        "type": "Secret Keyword",
        "filename": "docs/archive/BROKER_CONNECTIVITY_COMPLETE.md",
        "hashed_secret": "9d4e1e23bd5b727046a9e3b4b7db57bd8d6ee684",
        "is_verified": false,
        "line_number": 83
      },
      {
        "type": "Secret Keyword",
        "filename": "docs/archive/BROKER_CONNECTIVITY_COMPLETE.md",
        "hashed_secret": "7310535d00a9464bb227dd19a3b7f62a7af8a3b2",
        "is_verified": false,
        "line_number": 226
      }
    ],
    "docs/archive/CURRENT_STATUS.md": [
      {
        "type": "Secret Keyword",
        "filename": "docs/archive/CURRENT_STATUS.md",
        "hashed_secret": "6d9c68c603e465077bdd49c62347fe54717f83a3",
        "is_verified": false,
        "line_number": 219
      }
    ],
    "docs/archive/DEBUGGING.md": [
      {
        "type": "Secret Keyword",
        "filename": "docs/archive/DEBUGGING.md",
        "hashed_secret": "7288edd0fc3ffcbe93a0cf06e3568e28521687bc",
        "is_verified": false,
        "line_number": 234
      }
    ],
    "docs/archive/DEEP_DIVE_PHASE_2_COMPLETE.md": [
      {
        "type": "Secret Keyword",
        "filename": "docs/archive/DEEP_DIVE_PHASE_2_COMPLETE.md",
        "hashed_secret": "5baa61e4c9b93f3f0682250b6cf8331b7ee68fd8",
        "is_verified": false,
        "line_number": 176
      }
    ],
    "docs/archive/FIXES_SUMMARY.md": [
      {
        "type": "Secret Keyword",
        "filename": "docs/archive/FIXES_SUMMARY.md",
        "hashed_secret": "7288edd0fc3ffcbe93a0cf06e3568e28521687bc",
        "is_verified": false,
        "line_number": 172
      }
    ],
    "docs/archive/PHASE3_IMPLEMENTATION_COMPLETE.md": [
      {
        "type": "Base64 High Entropy String",
        "filename": "docs/archive/PHASE3_IMPLEMENTATION_COMPLETE.md",
        "hashed_secret": "4d7392c7de7632d2b1de446056e3dfd4c0ebc0cc",
        "is_verified": false,
        "line_number": 185
      }
    ],
    "docs/archive/PHASE4_SUMMARY.md": [
      {
        "type": "Secret Keyword",
        "filename": "docs/archive/PHASE4_SUMMARY.md",
        "hashed_secret": "a6f44976f8e3da391c40edd51d26d2ac5613b39a",
        "is_verified": false,
        "line_number": 151
      }
    ],
    "docs/archive/PHASE5_NEWS_INTEGRATION_COMPLETE.md": [
      {
        "type": "Secret Keyword",
        "filename": "docs/archive/PHASE5_NEWS_INTEGRATION_COMPLETE.md",
        "hashed_secret": "2c63dbbdec5fdf2d7cd33ce22b82e4bd963339a9",
        "is_verified": false,
        "line_number": 177
      },
      {
        "type": "Secret Keyword",
        "filename": "docs/archive/PHASE5_NEWS_INTEGRATION_COMPLETE.md",
        "hashed_secret": "727c7b7b22b9247129af4aecffa983d4b2a4ddcb",
        "is_verified": false,
        "line_number": 548
      }
    ],
    "docs/archive/SECURE_ENV_TEMPLATE.md": [
      {
        "type": "Secret Keyword",
        "filename": "docs/archive/SECURE_ENV_TEMPLATE.md",
        "hashed_secret": "defcca972db5e079d14fd07d35c951798ebc25b0",
        "is_verified": false,
        "line_number": 8
      },
      {
        "type": "Secret Keyword",
        "filename": "docs/archive/SECURE_ENV_TEMPLATE.md",
        "hashed_secret": "e3be6a673b96f4b3acfa3832abc5a3e8d6195c0c",
        "is_verified": false,
        "line_number": 22
      },
      {
        "type": "Secret Keyword",
        "filename": "docs/archive/SECURE_ENV_TEMPLATE.md",
        "hashed_secret": "fbad1a7e0b9a133d549ed174c0ce978c59f77dfb",
        "is_verified": false,
        "line_number": 29
      }
    ],
    "docs/archive/SECURITY.md": [
      {
        "type": "Secret Keyword",
        "filename": "docs/archive/SECURITY.md",
        "hashed_secret": "f2b14f68eb995facb3a1c35287b778d5bd785511",
        "is_verified": false,
        "line_number": 215
      },
      {
        "type": "Secret Keyword",
        "filename": "docs/archive/SECURITY.md",
        "hashed_secret": "50fd5146d747e4864b283c001141e8fc25c9bbf5",
        "is_verified": false,
        "line_number": 217
      }
    ],
    "docs/archive/SECURITY_FIXES_SUMMARY.md": [
      {
        "type": "Secret Keyword",
        "filename": "docs/archive/SECURITY_FIXES_SUMMARY.md",
        "hashed_secret": "463d8353f4b927fd953e5af7c41084183e8ce5fb",
        "is_verified": false,
        "line_number": 351
      }
    ],
    "docs/archive/UNIVERSAL_BROKER_CONNECTIVITY.md": [
      {
        "type": "Secret Keyword",
        "filename": "docs/archive/UNIVERSAL_BROKER_CONNECTIVITY.md",
        "hashed_secret": "564e340cd48437d2dfe876ee154cc99dc4d0d137",
        "is_verified": false,
        "line_number": 37
      },
      {
        "type": "Secret Keyword",
        "filename": "docs/archive/UNIVERSAL_BROKER_CONNECTIVITY.md",
        "hashed_secret": "7310535d00a9464bb227dd19a3b7f62a7af8a3b2",
        "is_verified": false,
        "line_number": 50
      },
      {
        "type": "Secret Keyword",
        "filename": "docs/archive/UNIVERSAL_BROKER_CONNECTIVITY.md",
        "hashed_secret": "cdc3667991e1aed4955a05fe0396742937c6deee",
        "is_verified": false,
        "line_number": 60
      },
      {
        "type": "Secret Keyword",
        "filename": "docs/archive/UNIVERSAL_BROKER_CONNECTIVITY.md",
        "hashed_secret": "b47fcb2da9811d223ad366488019f1ae652132a6",
        "is_verified": false,
        "line_number": 71
      },
      {
        "type": "Secret Keyword",
        "filename": "docs/archive/UNIVERSAL_BROKER_CONNECTIVITY.md",
        "hashed_secret": "a0d308556c5a47d47b7053e1357e3d99eb4668b3",
        "is_verified": false,
        "line_number": 81
      },
      {
        "type": "Secret Keyword",
        "filename": "docs/archive/UNIVERSAL_BROKER_CONNECTIVITY.md",
        "hashed_secret": "752a8c26c5ced599955110d4873f944ca79b56e1",
        "is_verified": false,
        "line_number": 105
      },
      {
        "type": "Secret Keyword",
        "filename": "docs/archive/UNIVERSAL_BROKER_CONNECTIVITY.md",
        "hashed_secret": "9f1b023f9b2b9f8aa59a10683ed4eec8d15d0e56",
        "is_verified": false,
        "line_number": 116
      },
      {
        "type": "Secret Keyword",
        "filename": "docs/archive/UNIVERSAL_BROKER_CONNECTIVITY.md",
        "hashed_secret": "a3b561e4c41553eae32967b12f0facadc3f99c1e",
        "is_verified": false,
        "line_number": 117
      },
      {
        "type": "Secret Keyword",
        "filename": "docs/archive/UNIVERSAL_BROKER_CONNECTIVITY.md",
        "hashed_secret": "d0aaa594565a062d115d5d5a035ec1852ca7c07d",
        "is_verified": false,
        "line_number": 127
      },
      {
        "type": "Secret Keyword",
        "filename": "docs/archive/UNIVERSAL_BROKER_CONNECTIVITY.md",
        "hashed_secret": "94c5edb2086a202e88e778c66e60489979daa65f",
        "is_verified": false,
        "line_number": 128
      },
      {
        "type": "Secret Keyword",
        "filename": "docs/archive/UNIVERSAL_BROKER_CONNECTIVITY.md",
        "hashed_secret": "981eb7e146cab5b17b4c7f5f12af441d36d0cc36",
        "is_verified": false,
        "line_number": 156
      },
      {
        "type": "Secret Keyword",
        "filename": "docs/archive/UNIVERSAL_BROKER_CONNECTIVITY.md",
        "hashed_secret": "f0578f1e7174b1a41c4ea8c6e17f7a8a3b88c92a",
        "is_verified": false,
        "line_number": 226
      },
      {
        "type": "Secret Keyword",
        "filename": "docs/archive/UNIVERSAL_BROKER_CONNECTIVITY.md",
        "hashed_secret": "8be52126a6fde450a7162a3651d589bb51e9579d",
        "is_verified": false,
        "line_number": 234
      },
      {
        "type": "Secret Keyword",
        "filename": "docs/archive/UNIVERSAL_BROKER_CONNECTIVITY.md",
        "hashed_secret": "a62f2225bf70bfaccbc7f1ef2a397836717377de",
        "is_verified": false,
        "line_number": 242
      },
      {
        "type": "Secret Keyword",
        "filename": "docs/archive/UNIVERSAL_BROKER_CONNECTIVITY.md",
        "hashed_secret": "e5e9fa1ba31ecd1ae84f75caaa474f3a663f05f4",
        "is_verified": false,
        "line_number": 243
      }
    ],
    "docs/archive/WALLET_PAYMENT_SYSTEM.md": [
      {
        "type": "Base64 High Entropy String",
        "filename": "docs/archive/WALLET_PAYMENT_SYSTEM.md",
        "hashed_secret": "4d7392c7de7632d2b1de446056e3dfd4c0ebc0cc",
        "is_verified": false,
        "line_number": 190
      }
    ],
    "examples/end_to_end.ipynb": [
      {
        "type": "Base64 High Entropy String",
        "filename": "examples/end_to_end.ipynb",
        "hashed_secret": "1229205268ae9fa1808d4de3ba49494c6f96ce86",
        "is_verified": false,
        "line_number": 323
      }
    ],
    "frontend/src/pages/superadmin/SystemHealthSection.tsx": [
      {
        "type": "Secret Keyword",
        "filename": "frontend/src/pages/superadmin/SystemHealthSection.tsx",
        "hashed_secret": "5357eedd140b5a91cdcab952a6f6f99e3f0fc44d",
        "is_verified": false,
        "line_number": 155
      }
    ],
    "frontend/src/test/components.test.tsx": [
      {
        "type": "Secret Keyword",
        "filename": "frontend/src/test/components.test.tsx",
        "hashed_secret": "aafdc23870ecbcd3d557b6423a8982134e17927e",
        "is_verified": false,
        "line_number": 287
      },
      {
        "type": "Secret Keyword",
        "filename": "frontend/src/test/components.test.tsx",
        "hashed_secret": "9d4e1e23bd5b727046a9e3b4b7db57bd8d6ee684",
        "is_verified": false,
        "line_number": 349
      }
    ],
    "k6/load_tests.js": [
      {
        "type": "Secret Keyword",
        "filename": "k6/load_tests.js",
        "hashed_secret": "401219f199999b7886c5413ebe466562db313629",
        "is_verified": false,
        "line_number": 251
      },
      {
        "type": "Secret Keyword",
        "filename": "k6/load_tests.js",
        "hashed_secret": "a4b48a81cdab1e1a5dd37907d6c85ca1c61ddc7c",
        "is_verified": false,
        "line_number": 334
      }
    ],
    "k8s/ingress.yaml": [
      {
        "type": "Secret Keyword",
        "filename": "k8s/ingress.yaml",
        "hashed_secret": "30404e00538fe7b94e5840aba74b48b8cb36d96f",
        "is_verified": false,
        "line_number": 55
      }
    ],
    "locust/load_tests.py": [
      {
        "type": "Secret Keyword",
        "filename": "locust/load_tests.py",
        "hashed_secret": "401219f199999b7886c5413ebe466562db313629",
        "is_verified": false,
        "line_number": 136
      }
    ],
    "news/geopolitical_risk.py": [
      {
        "type": "Secret Keyword",
        "filename": "news/geopolitical_risk.py",
        "hashed_secret": "de5bb93beb6b4d74cefba8fa6efad942d086fc17",
        "is_verified": false,
        "line_number": 1514
      },
      {
        "type": "Secret Keyword",
        "filename": "news/geopolitical_risk.py",
        "hashed_secret": "19c39c44c2c580825ec9ee42dc4c33ac4b6aacd6",
        "is_verified": false,
        "line_number": 1520
      },
      {
        "type": "Secret Keyword",
        "filename": "news/geopolitical_risk.py",
        "hashed_secret": "3d9796fa7d3c43d3bcf7f40a87aaf6ef682ca8fe",
        "is_verified": false,
        "line_number": 1522
      },
      {
        "type": "Secret Keyword",
        "filename": "news/geopolitical_risk.py",
        "hashed_secret": "182ff2732382e94a08039c506e757dfa5549e576",
        "is_verified": false,
        "line_number": 1524
      }
    ],
    "quickstart.py": [
      {
        "type": "Base64 High Entropy String",
        "filename": "quickstart.py",
        "hashed_secret": "1e844227911edf99d1a6cb0e7e06fdbd5699d825",
        "is_verified": false,
        "line_number": 83
      }
    ],
    "scripts/bootstrap_dev.py": [
      {
        "type": "Secret Keyword",
        "filename": "scripts/bootstrap_dev.py",
        "hashed_secret": "153805555f2e0b979612afda75f8af3b04664e9f",
        "is_verified": false,
        "line_number": 49
      }
    ],
    "scripts/test_migrations.py": [
      {
        "type": "Basic Auth Credentials",
        "filename": "scripts/test_migrations.py",
        "hashed_secret": "9d4e1e23bd5b727046a9e3b4b7db57bd8d6ee684",
        "is_verified": false,
        "line_number": 21
      }
    ],
    "scripts/verify_streaming.py": [
      {
        "type": "Secret Keyword",
        "filename": "scripts/verify_streaming.py",
        "hashed_secret": "3fe8f1bd91e7ead50acb94afea1109daad0ebd92",
        "is_verified": false,
        "line_number": 96
      },
      {
        "type": "Secret Keyword",
        "filename": "scripts/verify_streaming.py",
        "hashed_secret": "0b384d082961db8a7992feea9df851cc64033006",
        "is_verified": false,
        "line_number": 97
      },
      {
        "type": "Secret Keyword",
        "filename": "scripts/verify_streaming.py",
        "hashed_secret": "6106babca8e7fccf7549e6d7eeb97e2a570113ae",
        "is_verified": false,
        "line_number": 98
      },
      {
        "type": "Secret Keyword",
        "filename": "scripts/verify_streaming.py",
        "hashed_secret": "7ba8c1f1c79670d91c5ac23c32cb364e2a665292",
        "is_verified": false,
        "line_number": 113
      },
      {
        "type": "Secret Keyword",
        "filename": "scripts/verify_streaming.py",
        "hashed_secret": "ee458a8c1a61fe5a6e6a5f54ca68a2bc1df6541e",
        "is_verified": false,
        "line_number": 114
      },
      {
        "type": "Secret Keyword",
        "filename": "scripts/verify_streaming.py",
        "hashed_secret": "e64043b181d6ee55616764d6c3efa240f0ba68b4",
        "is_verified": false,
        "line_number": 115
      }
    ],
    "tests/integration/test_api_db_flow.py": [
      {
        "type": "Secret Keyword",
        "filename": "tests/integration/test_api_db_flow.py",
        "hashed_secret": "ba190b9a7632c6a1a6c778b119dd0df3b358722c",
        "is_verified": false,
        "line_number": 27
      }
    ],
    "tests/test_auth_gates.py": [
      {
        "type": "Secret Keyword",
        "filename": "tests/test_auth_gates.py",
        "hashed_secret": "01b99ae1ff527e0064c15e068ecdbcf9b1904ad6",
        "is_verified": false,
        "line_number": 29
      }
    ],
    "tests/test_auth_pentest.py": [
      {
        "type": "Secret Keyword",
        "filename": "tests/test_auth_pentest.py",
        "hashed_secret": "01b99ae1ff527e0064c15e068ecdbcf9b1904ad6",
        "is_verified": false,
        "line_number": 37
      },
      {
        "type": "Secret Keyword",
        "filename": "tests/test_auth_pentest.py",
        "hashed_secret": "c1d117818a97e847bdf286aa02d9dc8e8f7148f5",
        "is_verified": false,
        "line_number": 67
      },
      {
        "type": "Secret Keyword",
        "filename": "tests/test_auth_pentest.py",
        "hashed_secret": "80ab524f41ed8ead6c48e2d3bc54d2264a2ab274",
        "is_verified": false,
        "line_number": 274
      },
      {
        "type": "Secret Keyword",
        "filename": "tests/test_auth_pentest.py",
        "hashed_secret": "e38aa1356c265335eaa9d234a6e8ef3c980a8ff7",
        "is_verified": false,
        "line_number": 275
      }
    ],
    "tests/test_connect_to_life.py": [
      {
        "type": "Secret Keyword",
        "filename": "tests/test_connect_to_life.py",
        "hashed_secret": "a94a8fe5ccb19ba61c4c0873d391e987982fbbd3",
        "is_verified": false,
        "line_number": 140
      }
    ],
    "tests/test_production_readiness.py": [
      {
        "type": "Basic Auth Credentials",
        "filename": "tests/test_production_readiness.py",
        "hashed_secret": "9d4e1e23bd5b727046a9e3b4b7db57bd8d6ee684",
        "is_verified": false,
        "line_number": 80
      }
    ],
    "tests/test_production_wiring.py": [
      {
        "type": "Secret Keyword",
        "filename": "tests/test_production_wiring.py",
        "hashed_secret": "e5e9fa1ba31ecd1ae84f75caaa474f3a663f05f4",
        "is_verified": false,
        "line_number": 204
      },
      {
        "type": "Secret Keyword",
        "filename": "tests/test_production_wiring.py",
        "hashed_secret": "6367c48dd193d56ea7b0baad25b19455e529f5ee",
        "is_verified": false,
        "line_number": 205
      }
    ],
    "tests/test_secrets_management.py": [
      {
        "type": "Base64 High Entropy String",
        "filename": "tests/test_secrets_management.py",
        "hashed_secret": "f7b27a61d4cb6dc83431af6e81f128dcac4a95a0",
        "is_verified": false,
        "line_number": 145
      },
      {
        "type": "Base64 High Entropy String",
        "filename": "tests/test_secrets_management.py",
        "hashed_secret": "edd2e7ac4f61d0c606e80a0919d727540842a307",
        "is_verified": false,
        "line_number": 186
      },
      {
        "type": "Secret Keyword",
        "filename": "tests/test_secrets_management.py",
        "hashed_secret": "edd2e7ac4f61d0c606e80a0919d727540842a307",
        "is_verified": false,
        "line_number": 186
      }
    ],
    "tests/test_security.py": [
      {
        "type": "Secret Keyword",
        "filename": "tests/test_security.py",
        "hashed_secret": "bfc5221616fd29387d7413aeb41401391dceefa8",
        "is_verified": false,
        "line_number": 29
      },
      {
        "type": "Secret Keyword",
        "filename": "tests/test_security.py",
        "hashed_secret": "06f27e3008a64e4606c9fcf23bd926e8bc8a6148",
        "is_verified": false,
        "line_number": 95
      },
      {
        "type": "Secret Keyword",
        "filename": "tests/test_security.py",
        "hashed_secret": "a0f4ea7d91495df92bbac2e2149dfb850fe81396",
        "is_verified": false,
        "line_number": 109
      }
    ],
    "tests/test_sentry_wiring.py": [
      {
        "type": "Secret Keyword",
        "filename": "tests/test_sentry_wiring.py",
        "hashed_secret": "e5e9fa1ba31ecd1ae84f75caaa474f3a663f05f4",
        "is_verified": false,
        "line_number": 282
      },
      {
        "type": "Secret Keyword",
        "filename": "tests/test_sentry_wiring.py",
        "hashed_secret": "b06e3587155228045e704f9904a1ff65821741a7",
        "is_verified": false,
        "line_number": 305
      }
    ],
    "tests/unit/test_auth_coverage.py": [
      {
        "type": "Secret Keyword",
        "filename": "tests/unit/test_auth_coverage.py",
        "hashed_secret": "d4e0e04792fd434b5dc9c4155c178f66edcf4ed3",
        "is_verified": false,
        "line_number": 61
      },
      {
        "type": "Secret Keyword",
        "filename": "tests/unit/test_auth_coverage.py",
        "hashed_secret": "72559b51f94a7a3ad058c5740cbe2f7cb0d4080b",
        "is_verified": false,
        "line_number": 221
      }
    ],
    "tests/unit/test_auth_router_jwt_secret.py": [
      {
        "type": "Secret Keyword",
        "filename": "tests/unit/test_auth_router_jwt_secret.py",
        "hashed_secret": "3df25ffe41033b7e98b84b906cad3966e3c03823",
        "is_verified": false,
        "line_number": 30
      },
      {
        "type": "Secret Keyword",
        "filename": "tests/unit/test_auth_router_jwt_secret.py",
        "hashed_secret": "c202758f02b3a5531029e56bfcb6f29f5b316bea",
        "is_verified": false,
        "line_number": 31
      }
    ],
    "tests/unit/test_broker_connectors.py": [
      {
        "type": "Secret Keyword",
        "filename": "tests/unit/test_broker_connectors.py",
        "hashed_secret": "00942f4668670f34c5943cf52c7ef3139fe2b8d6",
        "is_verified": false,
        "line_number": 127
      },
      {
        "type": "Secret Keyword",
        "filename": "tests/unit/test_broker_connectors.py",
        "hashed_secret": "ce094fa09693604fb88de28e4876f8c38a5548d3",
        "is_verified": false,
        "line_number": 130
      },
      {
        "type": "Secret Keyword",
        "filename": "tests/unit/test_broker_connectors.py",
        "hashed_secret": "c94d65f02a652d11c2e5c2e1ccf38dce5a076e1e",
        "is_verified": false,
        "line_number": 134
      },
      {
        "type": "Secret Keyword",
        "filename": "tests/unit/test_broker_connectors.py",
        "hashed_secret": "72cb70dbbafe97e5ea13ad88acd65d08389439b0",
        "is_verified": false,
        "line_number": 162
      },
      {
        "type": "Secret Keyword",
        "filename": "tests/unit/test_broker_connectors.py",
        "hashed_secret": "a62f2225bf70bfaccbc7f1ef2a397836717377de",
        "is_verified": false,
        "line_number": 174
      },
      {
        "type": "Secret Keyword",
        "filename": "tests/unit/test_broker_connectors.py",
        "hashed_secret": "ee977806d7286510da8b9a7492ba58e2484c0ecc",
        "is_verified": false,
        "line_number": 661
      },
      {
        "type": "Secret Keyword",
        "filename": "tests/unit/test_broker_connectors.py",
        "hashed_secret": "9d4e1e23bd5b727046a9e3b4b7db57bd8d6ee684",
        "is_verified": false,
        "line_number": 1608
      }
    ],
    "tests/unit/test_broker_failover.py": [
      {
        "type": "Secret Keyword",
        "filename": "tests/unit/test_broker_failover.py",
        "hashed_secret": "00942f4668670f34c5943cf52c7ef3139fe2b8d6",
        "is_verified": false,
        "line_number": 103
      }
    ],
    "tests/unit/test_brokers_deep_coverage.py": [
      {
        "type": "Secret Keyword",
        "filename": "tests/unit/test_brokers_deep_coverage.py",
        "hashed_secret": "3acfb2c2b433c0ea7ff107e33df91b18e52f960f",
        "is_verified": false,
        "line_number": 1214
      },
      {
        "type": "Secret Keyword",
        "filename": "tests/unit/test_brokers_deep_coverage.py",
        "hashed_secret": "28e2bca89d8c60c5115a5b9e6663519ec2c9903c",
        "is_verified": false,
        "line_number": 1424
      },
      {
        "type": "Secret Keyword",
        "filename": "tests/unit/test_brokers_deep_coverage.py",
        "hashed_secret": "9d4e1e23bd5b727046a9e3b4b7db57bd8d6ee684",
        "is_verified": false,
        "line_number": 1756
      }
    ],
    "tests/unit/test_brokers_extended_coverage.py": [
      {
        "type": "Secret Keyword",
        "filename": "tests/unit/test_brokers_extended_coverage.py",
        "hashed_secret": "9d4e1e23bd5b727046a9e3b4b7db57bd8d6ee684",
        "is_verified": false,
        "line_number": 16
      },
      {
        "type": "Secret Keyword",
        "filename": "tests/unit/test_brokers_extended_coverage.py",
        "hashed_secret": "3acfb2c2b433c0ea7ff107e33df91b18e52f960f",
        "is_verified": false,
        "line_number": 106
      }
    ],
    "tests/unit/test_brokers_init_async.py": [
      {
        "type": "Secret Keyword",
        "filename": "tests/unit/test_brokers_init_async.py",
        "hashed_secret": "3acfb2c2b433c0ea7ff107e33df91b18e52f960f",
        "is_verified": false,
        "line_number": 124
      }
    ],
    "tests/unit/test_cache_config.py": [
      {
        "type": "Hex High Entropy String",
        "filename": "tests/unit/test_cache_config.py",
        "hashed_secret": "75f3be87351a63f1c2f677632838f9e2be066891",
        "is_verified": false,
        "line_number": 41
      },
      {
        "type": "Secret Keyword",
        "filename": "tests/unit/test_cache_config.py",
        "hashed_secret": "e5e9fa1ba31ecd1ae84f75caaa474f3a663f05f4",
        "is_verified": false,
        "line_number": 108
      },
      {
        "type": "Secret Keyword",
        "filename": "tests/unit/test_cache_config.py",
        "hashed_secret": "9d4e1e23bd5b727046a9e3b4b7db57bd8d6ee684",
        "is_verified": false,
        "line_number": 720
      },
      {
        "type": "Secret Keyword",
        "filename": "tests/unit/test_cache_config.py",
        "hashed_secret": "51525b05802154b2420d5bce9545205e2b873233",
        "is_verified": false,
        "line_number": 1064
      },
      {
        "type": "Secret Keyword",
        "filename": "tests/unit/test_cache_config.py",
        "hashed_secret": "bd66a10f34934a079686639a5b287d8dad8d1c4c",
        "is_verified": false,
        "line_number": 1065
      },
      {
        "type": "Secret Keyword",
        "filename": "tests/unit/test_cache_config.py",
        "hashed_secret": "94fe7193b9228a15633cce80cb8cd479acce6101",
        "is_verified": false,
        "line_number": 1073
      },
      {
        "type": "Secret Keyword",
        "filename": "tests/unit/test_cache_config.py",
        "hashed_secret": "f57edaa239aa3ec2328476404e08eb351bda1320",
        "is_verified": false,
        "line_number": 1201
      },
      {
        "type": "Secret Keyword",
        "filename": "tests/unit/test_cache_config.py",
        "hashed_secret": "f9b464a913eac859d9382dbaaccde268fd08f9c6",
        "is_verified": false,
        "line_number": 1202
      },
      {
        "type": "Secret Keyword",
        "filename": "tests/unit/test_cache_config.py",
        "hashed_secret": "25ab86bed149ca6ca9c1c0d5db7c9a91388ddeab",
        "is_verified": false,
        "line_number": 1212
      }
    ],
    "tests/unit/test_config.py": [
      {
        "type": "Hex High Entropy String",
        "filename": "tests/unit/test_config.py",
        "hashed_secret": "75f3be87351a63f1c2f677632838f9e2be066891",
        "is_verified": false,
        "line_number": 37
      },
      {
        "type": "Secret Keyword",
        "filename": "tests/unit/test_config.py",
        "hashed_secret": "6367c48dd193d56ea7b0baad25b19455e529f5ee",
        "is_verified": false,
        "line_number": 80
      },
      {
        "type": "Secret Keyword",
        "filename": "tests/unit/test_config.py",
        "hashed_secret": "c46c5d90ed269219c74ef85e3f8e3f4cfab28bf2",
        "is_verified": false,
        "line_number": 99
      },
      {
        "type": "Secret Keyword",
        "filename": "tests/unit/test_config.py",
        "hashed_secret": "2e7a7ee14caebf378fc32d6cf6f557f347c96773",
        "is_verified": false,
        "line_number": 152
      },
      {
        "type": "Secret Keyword",
        "filename": "tests/unit/test_config.py",
        "hashed_secret": "a87f9333006529bf0bbf8f5e2787b6c3ca9d5134",
        "is_verified": false,
        "line_number": 153
      },
      {
        "type": "Secret Keyword",
        "filename": "tests/unit/test_config.py",
        "hashed_secret": "9d4e1e23bd5b727046a9e3b4b7db57bd8d6ee684",
        "is_verified": false,
        "line_number": 209
      }
    ],
    "tests/unit/test_kill_switch_integration.py": [
      {
        "type": "Secret Keyword",
        "filename": "tests/unit/test_kill_switch_integration.py",
        "hashed_secret": "3da3a35820f8f4f22ada0c250d8bbed27e0552a7",
        "is_verified": false,
        "line_number": 134
      },
      {
        "type": "Secret Keyword",
        "filename": "tests/unit/test_kill_switch_integration.py",
        "hashed_secret": "d24935b9b2f850387288cb90c42a226758e5b327",
        "is_verified": false,
        "line_number": 135
      }
    ],
    "tests/unit/test_monetization.py": [
      {
        "type": "Secret Keyword",
        "filename": "tests/unit/test_monetization.py",
        "hashed_secret": "d92610e88a930df80c9f17ca7a32fca3dc8f34fa",
        "is_verified": false,
        "line_number": 536
      },
      {
        "type": "Secret Keyword",
        "filename": "tests/unit/test_monetization.py",
        "hashed_secret": "a97e73aec9095b8c96b9194ffa933337fd1c864d",
        "is_verified": false,
        "line_number": 596
      }
    ],
    "tests/unit/test_news.py": [
      {
        "type": "Secret Keyword",
        "filename": "tests/unit/test_news.py",
        "hashed_secret": "00942f4668670f34c5943cf52c7ef3139fe2b8d6",
        "is_verified": false,
        "line_number": 542
      },
      {
        "type": "Secret Keyword",
        "filename": "tests/unit/test_news.py",
        "hashed_secret": "767ef7376d44bb6e52b390ddcd12c1cb1b3902a4",
        "is_verified": false,
        "line_number": 553
      }
    ],
    "tests/unit/test_notifications.py": [
      {
        "type": "Secret Keyword",
        "filename": "tests/unit/test_notifications.py",
        "hashed_secret": "5baa61e4c9b93f3f0682250b6cf8331b7ee68fd8",
        "is_verified": false,
        "line_number": 168
      }
    ],
    "tests/unit/test_nuclear_streamer.py": [
      {
        "type": "Secret Keyword",
        "filename": "tests/unit/test_nuclear_streamer.py",
        "hashed_secret": "3acfb2c2b433c0ea7ff107e33df91b18e52f960f",
        "is_verified": false,
        "line_number": 485
      }
    ],
    "tests/unit/test_nuclear_supervisor.py": [
      {
        "type": "Secret Keyword",
        "filename": "tests/unit/test_nuclear_supervisor.py",
        "hashed_secret": "01b99ae1ff527e0064c15e068ecdbcf9b1904ad6",
        "is_verified": false,
        "line_number": 447
      },
      {
        "type": "Secret Keyword",
        "filename": "tests/unit/test_nuclear_supervisor.py",
        "hashed_secret": "a0f4ea7d91495df92bbac2e2149dfb850fe81396",
        "is_verified": false,
        "line_number": 461
      }
    ],
    "tests/unit/test_payments.py": [
      {
        "type": "Secret Keyword",
        "filename": "tests/unit/test_payments.py",
        "hashed_secret": "749d8f04005d0183fb41bb0c2d9f588b7a0a4f49",
        "is_verified": false,
        "line_number": 212
      },
      {
        "type": "Secret Keyword",
        "filename": "tests/unit/test_payments.py",
        "hashed_secret": "e2b11b2ed070b77e4b45630e0e59171ae5b2b674",
        "is_verified": false,
        "line_number": 229
      }
    ],
    "tests/unit/test_security.py": [
      {
        "type": "Base64 High Entropy String",
        "filename": "tests/unit/test_security.py",
        "hashed_secret": "9fa9fa85ac4f3a3d25561675c949f294670b4f93",
        "is_verified": false,
        "line_number": 41
      },
      {
        "type": "Secret Keyword",
        "filename": "tests/unit/test_security.py",
        "hashed_secret": "9fa9fa85ac4f3a3d25561675c949f294670b4f93",
        "is_verified": false,
        "line_number": 41
      },
      {
        "type": "Secret Keyword",
        "filename": "tests/unit/test_security.py",
        "hashed_secret": "21dde79b804497e122f38dabc393f8e94f103ca6",
        "is_verified": false,
        "line_number": 51
      },
      {
        "type": "Private Key",
        "filename": "tests/unit/test_security.py",
        "hashed_secret": "1348b145fa1a555461c1b790a2f66614781091e9",
        "is_verified": false,
        "line_number": 81
      },
      {
        "type": "Secret Keyword",
        "filename": "tests/unit/test_security.py",
        "hashed_secret": "f2b14f68eb995facb3a1c35287b778d5bd785511",
        "is_verified": false,
        "line_number": 92
      },
      {
        "type": "Secret Keyword",
        "filename": "tests/unit/test_security.py",
        "hashed_secret": "1052a60219d29221ead5d7677a784eb054d4dabc",
        "is_verified": false,
        "line_number": 93
      },
      {
        "type": "Secret Keyword",
        "filename": "tests/unit/test_security.py",
        "hashed_secret": "f8b8976b87efc90ebbd0c1dcca47924ebd469616",
        "is_verified": false,
        "line_number": 108
      },
      {
        "type": "Secret Keyword",
        "filename": "tests/unit/test_security.py",
        "hashed_secret": "e5e9fa1ba31ecd1ae84f75caaa474f3a663f05f4",
        "is_verified": false,
        "line_number": 119
      },
      {
        "type": "Secret Keyword",
        "filename": "tests/unit/test_security.py",
        "hashed_secret": "a761ce3a45d97e41840a788495e85a70d1bb3815",
        "is_verified": false,
        "line_number": 175
      }
    ],
    "tests/unit/test_sentry_config.py": [
      {
        "type": "Secret Keyword",
        "filename": "tests/unit/test_sentry_config.py",
        "hashed_secret": "25ab86bed149ca6ca9c1c0d5db7c9a91388ddeab",
        "is_verified": false,
        "line_number": 33
      },
      {
        "type": "Secret Keyword",
        "filename": "tests/unit/test_sentry_config.py",
        "hashed_secret": "33a97547419229c4c1469fed171a618dc768b455",
        "is_verified": false,
        "line_number": 36
      }
    ],
    "tests/unit/test_startup_factories.py": [
      {
        "type": "Basic Auth Credentials",
        "filename": "tests/unit/test_startup_factories.py",
        "hashed_secret": "9d4e1e23bd5b727046a9e3b4b7db57bd8d6ee684",
        "is_verified": false,
        "line_number": 99
      },
      {
        "type": "Secret Keyword",
        "filename": "tests/unit/test_startup_factories.py",
        "hashed_secret": "1da7573a43bb100f8060116017d76670fec6b396",
        "is_verified": false,
        "line_number": 186
      }
    ],
    "tests/unit/test_trading_auth.py": [
      {
        "type": "Secret Keyword",
        "filename": "tests/unit/test_trading_auth.py",
        "hashed_secret": "01b99ae1ff527e0064c15e068ecdbcf9b1904ad6",
        "is_verified": false,
        "line_number": 32
      }
    ]
  },
  "generated_at": "2026-04-12T12:52:21Z"
}
